2025-08-28T10:04:48: 
> my-v0-project@0.1.0 dev
> next dev

2025-08-28T10:15:33: 2025-08-28T10:15:33: 2025-08-28T10:15:33: 
> my-v0-project@0.1.0 dev
> next dev

2025-08-28T11:44:13: 
> my-v0-project@0.1.0 dev
> next dev

2025-08-28T11:45:02: 
> my-v0-project@0.1.0 dev
> next dev

2025-08-28T11:52:52: 2025-08-28T11:52:53: 
> my-v0-project@0.1.0 dev
> next dev

2025-08-28T11:55:09: 
> my-v0-project@0.1.0 dev
> next dev

2025-08-28T11:56:07: 
> my-v0-project@0.1.0 dev
> next dev

2025-08-28T12:16:44: 2025-08-28T12:16:44: 2025-08-28T12:16:45: 
> my-v0-project@0.1.0 dev
> next dev

2025-08-28T12:17:45: 
> my-v0-project@0.1.0 dev
> next dev

2025-08-28T12:18:00: 
> my-v0-project@0.1.0 dev
> next dev

